// Jest Snapshot v1, https://goo.gl/fbAQLP

exports[`alert component should render correctly 1`] = `""`;
