// Jest Snapshot v1, https://goo.gl/fbAQLP

exports[`Login component should renders properly 1`] = `
<Route
  render={[Function]}
/>
`;
