// Jest Snapshot v1, https://goo.gl/fbAQLP

exports[`Private route component should renders properly 1`] = `
<Route
  render={[Function]}
/>
`;
