// Jest Snapshot v1, https://goo.gl/fbAQLP

exports[`alert component should renders properly 1`] = `
<DropdownButton
  bsStyle="default"
  id="dropdownTest"
  title=""
/>
`;
